docker-compose :  Image landbiznes-parcel-service 
Building 
At line:1 char:38
+ ... andBiznes'; docker-compose -f 
docker-compose.full.yml build --no-cach ...
+                 ~~~~~~~~~~~~~~~~~~~~~~~~~~~~~~~~~~~
~~~~~~~~~~~~~~~~~~~~~~
    + CategoryInfo          : NotSpecified: ( Image  
   landbizn...rvice Building :String) [], RemoteExc  
  eption
    + FullyQualifiedErrorId : NativeCommandError
 
 Image landbiznes-grid-service Building 
 Image landbiznes-conflict-service Building 
 Image landbiznes-ownership-service Building 
 Image landbiznes-frontend Building 
 Image landbiznes-api-gateway Building 
#1 [internal] load local bake definitions
#1 reading from stdin 3.30kB done
#1 DONE 0.0s

#2 [parcel-service internal] load build definition from Dockerfile
#2 transferring dockerfile: 201B 0.0s done
#2 DONE 0.1s

#3 [conflict-service internal] load build definition from Dockerfile
#3 transferring dockerfile: 201B 0.0s done
#3 DONE 0.1s

#4 [ownership-service internal] load build definition from Dockerfile
#4 transferring dockerfile: 201B 0.0s done
#4 DONE 0.1s

#5 [api-gateway internal] load build definition from Dockerfile
#5 transferring dockerfile: 201B 0.0s done
#5 DONE 0.1s

#6 [frontend internal] load build definition from Dockerfile
#6 transferring dockerfile: 380B 0.0s done
#6 WARN: FromAsCasing: 'as' and 'FROM' keywords' casing do not match (line 1)
#6 DONE 0.1s

#7 [grid-service internal] load build definition from Dockerfile
#7 transferring dockerfile: 201B 0.0s done
#7 DONE 0.1s

#8 [frontend internal] load metadata for docker.io/library/node:18-alpine
#8 ...

#9 [auth] library/node:pull token for registry-1.docker.io
#9 DONE 0.0s

#8 [frontend internal] load metadata for docker.io/library/node:18-alpine
#8 DONE 3.0s

#10 [conflict-service internal] load .dockerignore
#10 transferring context: 2B 0.0s done
#10 DONE 0.1s

#11 [ownership-service internal] load .dockerignore
#11 transferring context: 2B done
#11 DONE 0.1s

#12 [parcel-service internal] load .dockerignore
#12 transferring context: 2B 0.0s done
#12 DONE 0.1s

#13 [conflict-service 1/5] FROM docker.io/library/node:18-alpine@sha256:8d6421d663b4c28fd3ebc498332f249011d118945588d0a35cb9bc4b8ca09d9e
#13 resolve docker.io/library/node:18-alpine@sha256:8d6421d663b4c28fd3ebc498332f249011d118945588d0a35cb9bc4b8ca09d9e
#13 ...

#14 [frontend internal] load .dockerignore
#14 transferring context: 2B 0.0s done
#14 DONE 0.1s

#15 [api-gateway internal] load .dockerignore
#15 transferring context: 2B done
#15 DONE 0.1s

#16 [grid-service internal] load .dockerignore
#16 transferring context: 2B done
#16 DONE 0.2s

#13 [parcel-service 1/5] FROM docker.io/library/node:18-alpine@sha256:8d6421d663b4c28fd3ebc498332f249011d118945588d0a35cb9bc4b8ca09d9e
#13 ...

#17 [frontend internal] load build context
#17 DONE 0.0s

#13 [api-gateway 1/5] FROM docker.io/library/node:18-alpine@sha256:8d6421d663b4c28fd3ebc498332f249011d118945588d0a35cb9bc4b8ca09d9e
#13 resolve docker.io/library/node:18-alpine@sha256:8d6421d663b4c28fd3ebc498332f249011d118945588d0a35cb9bc4b8ca09d9e 0.2s done
#13 resolve docker.io/library/node:18-alpine@sha256:8d6421d663b4c28fd3ebc498332f249011d118945588d0a35cb9bc4b8ca09d9e 0.2s done
#13 DONE 0.2s

#18 [parcel-service internal] load build context
#18 transferring context: 89B 0.0s done
#18 DONE 0.1s

#19 [conflict-service internal] load build context
#19 transferring context: 89B 0.1s done
#19 DONE 0.3s

#20 [ownership-service internal] load build context
#20 transferring context: 89B 0.0s done
#20 DONE 0.2s

#21 [api-gateway internal] load build context
#21 transferring context: 89B 0.0s done
#21 DONE 0.1s

#22 [parcel-service 2/5] WORKDIR /app
#22 CACHED

#23 [api-gateway 3/5] COPY package*.json ./
#23 ...

#24 [grid-service internal] load build context
#24 transferring context: 89B 0.0s done
#24 DONE 0.1s

#17 [frontend internal] load build context
#17 transferring context: 945B 0.0s done
#17 DONE 0.1s

#25 [ownership-service 3/5] COPY package*.json ./
#25 DONE 0.3s

#26 [frontend build 3/6] COPY package*.json ./
#26 ...

#27 [parcel-service 3/5] COPY package*.json ./
#27 DONE 0.3s

#28 [conflict-service 3/5] COPY package*.json ./
#28 DONE 0.3s

#23 [api-gateway 3/5] COPY package*.json ./
#23 DONE 0.3s

#29 [grid-service 3/5] COPY package*.json ./
#29 DONE 0.3s

#26 [frontend build 3/6] COPY package*.json ./
#26 DONE 0.3s

#30 [frontend build 4/6] RUN npm install
#30 ...

#31 [grid-service 4/5] RUN npm install --only=production
#31 3.196 npm warn config only Use `--omit=dev` to omit dev dependencies from the install.
#31 ...

#32 [frontend stage-1 3/4] RUN npm install -g serve
#32 ...

#33 [api-gateway 4/5] RUN npm install --only=production
#33 3.134 npm warn config only Use `--omit=dev` to omit dev dependencies from the install.
#33 ...

#34 [ownership-service 4/5] RUN npm install --only=production
#34 3.265 npm warn config only Use `--omit=dev` to omit dev dependencies from the install.
#34 ...

#35 [parcel-service 4/5] RUN npm install --only=production
#35 3.262 npm warn config only Use `--omit=dev` to omit dev dependencies from the install.
#35 ...

#36 [conflict-service 4/5] RUN npm install --only=production
#36 3.152 npm warn config only Use `--omit=dev` to omit dev dependencies from the install.
#36 ...

#35 [parcel-service 4/5] RUN npm install --only=production
#35 28.70 
#35 28.70 added 86 packages, and audited 87 packages in 26s
#35 28.70 
#35 28.70 17 packages are looking for funding
#35 28.70   run `npm fund` for details
#35 28.70 
#35 28.70 found 0 vulnerabilities
#35 28.72 npm notice
#35 28.72 npm notice New major version of npm available! 10.8.2 -> 11.8.0
#35 28.72 npm notice Changelog: https://github.com/npm/cli/releases/tag/v11.8.0
#35 28.72 npm notice To update run: npm install -g npm@11.8.0
#35 28.72 npm notice
#35 DONE 30.1s

#37 [parcel-service 5/5] COPY src ./src
#37 ...

#34 [ownership-service 4/5] RUN npm install --only=production
#34 29.50 
#34 29.50 added 86 packages, and audited 87 packages in 26s
#34 29.50 
#34 29.52 17 packages are looking for funding
#34 29.52   run `npm fund` for details
#34 29.54 
#34 29.54 found 0 vulnerabilities
#34 29.94 npm notice
#34 29.94 npm notice New major version of npm available! 10.8.2 -> 11.8.0
#34 29.94 npm notice Changelog: https://github.com/npm/cli/releases/tag/v11.8.0
#34 29.94 npm notice To update run: npm install -g npm@11.8.0
#34 29.94 npm notice
#34 DONE 30.3s

#31 [grid-service 4/5] RUN npm install --only=production
#31 29.85 
#31 29.85 added 86 packages, and audited 87 packages in 27s
#31 29.85 
#31 29.85 17 packages are looking for funding
#31 29.85   run `npm fund` for details
#31 29.87 
#31 29.87 found 0 vulnerabilities
#31 29.88 npm notice
#31 29.88 npm notice New major version of npm available! 10.8.2 -> 11.8.0
#31 29.88 npm notice Changelog: https://github.com/npm/cli/releases/tag/v11.8.0
#31 29.88 npm notice To update run: npm install -g npm@11.8.0
#31 29.88 npm notice
#31 DONE 30.3s

#38 [grid-service 5/5] COPY src ./src
#38 ...

#36 [conflict-service 4/5] RUN npm install --only=production
#36 29.99 
#36 29.99 added 86 packages, and audited 87 packages in 27s
#36 29.99 
#36 29.99 17 packages are looking for funding
#36 29.99   run `npm fund` for details
#36 29.99 
#36 29.99 found 0 vulnerabilities
#36 30.01 npm notice
#36 30.01 npm notice New major version of npm available! 10.8.2 -> 11.8.0
#36 30.01 npm notice Changelog: https://github.com/npm/cli/releases/tag/v11.8.0
#36 30.01 npm notice To update run: npm install -g npm@11.8.0
#36 30.01 npm notice
#36 DONE 30.5s

#32 [frontend stage-1 3/4] RUN npm install -g serve
#32 30.94 
#32 30.94 added 86 packages in 28s
#32 30.94 
#32 30.94 25 packages are looking for funding
#32 30.94   run `npm fund` for details
#32 30.96 npm notice
#32 30.96 npm notice New major version of npm available! 10.8.2 -> 11.8.0
#32 30.96 npm notice Changelog: https://github.com/npm/cli/releases/tag/v11.8.0
#32 30.96 npm notice To update run: npm install -g npm@11.8.0
#32 30.96 npm notice
#32 DONE 31.2s

#39 [conflict-service 5/5] COPY src ./src
#39 ...

#37 [parcel-service 5/5] COPY src ./src
#37 DONE 1.3s

#40 [ownership-service 5/5] COPY src ./src
#40 DONE 1.1s

#38 [grid-service 5/5] COPY src ./src
#38 DONE 1.0s

#39 [conflict-service 5/5] COPY src ./src
#39 DONE 0.9s

#41 [conflict-service] exporting to image
#41 exporting layers
#41 exporting layers 4.2s done
#41 exporting manifest sha256:9fdd2291b9d2d66411f48507c6e474f5c4bc20d88434ebf11fb28aee82ca20af
#41 exporting manifest sha256:9fdd2291b9d2d66411f48507c6e474f5c4bc20d88434ebf11fb28aee82ca20af 0.3s done
#41 exporting config sha256:34cc3e8212df0ad8da8aa238f10114c4672ce33abdf3917fdb61c9a92b9ae458
#41 exporting config sha256:34cc3e8212df0ad8da8aa238f10114c4672ce33abdf3917fdb61c9a92b9ae458 0.2s done
#41 exporting attestation manifest sha256:7663ef5df5cfa64d9c8a1642d9a9271b738a48587cece772878bac6ff50ca7b7 0.1s done
#41 exporting manifest list sha256:5abce1a4e8f5e5f5041ef01ceede44409dc7ea24acf937d2b07eb6db76af2d5c
#41 exporting manifest list sha256:5abce1a4e8f5e5f5041ef01ceede44409dc7ea24acf937d2b07eb6db76af2d5c 0.1s done
#41 naming to docker.io/library/landbiznes-conflict-service:latest 0.1s done
#41 unpacking to docker.io/library/landbiznes-conflict-service:latest
#41 ...

#42 [parcel-service] exporting to image
#42 exporting layers 3.8s done
#42 exporting manifest sha256:cd6be7755e21d980d748915c4f31d4205a35d6aa4dd9413aa6fd247c1f31ce25 0.1s done
#42 exporting config sha256:72e62ec99f78bf59999eebfd6a715bae59e3c07f879acda9e449a8622b2c546e 0.1s done
#42 exporting attestation manifest sha256:1bb9de8a3990328e84ab9a53f573b5d88477ecf58fbffdb408d5ed40f449879d 0.4s done
#42 exporting manifest list sha256:d1d54370a97ed0f01d73e780e5e140647936ffb910ec8202773cec4820f59cc5 0.2s done
#42 naming to docker.io/library/landbiznes-parcel-service:latest 0.1s done
#42 unpacking to docker.io/library/landbiznes-parcel-service:latest 4.2s done
#42 ...

#41 [conflict-service] exporting to image
#41 unpacking to docker.io/library/landbiznes-conflict-service:latest 3.9s done
#41 ...

#43 [grid-service] exporting to image
#43 exporting layers 3.9s done
#43 exporting manifest sha256:3456201dbb57d277e176217606e9015e93f503523526abd808da6ae58d6d0f46 0.1s done
#43 exporting config sha256:708887182b660bdc525bd5734626523b3477e3dc09f67d1989ba89d78d42f521 0.1s done
#43 exporting attestation manifest sha256:786b3af243000bddba6e71ceb8334b12b44b17fc51255ad0e33cc5cf509bab07 0.3s done
#43 exporting manifest list sha256:984eb042a54cb35f66e18fcd0a12213576ffc8082710f2c56d87c08d6feb078f 0.2s done
#43 naming to docker.io/library/landbiznes-grid-service:latest 0.0s done
#43 unpacking to docker.io/library/landbiznes-grid-service:latest 4.2s done
#43 DONE 9.3s

#42 [parcel-service] exporting to image
#42 DONE 9.3s

#41 [conflict-service] exporting to image
#41 DONE 9.3s

#44 [ownership-service] exporting to image
#44 exporting layers 3.8s done
#44 exporting manifest sha256:691901dd595259b39412ba6931086640154a96dd868a96a847a537a9e5fa0e57 0.1s done
#44 exporting config sha256:37a6caebe617a9365acdc293c1ff47488660bbd17736e048f8f3a8ac6260be80 0.1s done
#44 exporting attestation manifest sha256:4df8d524b08931a8e5c6818e3fcc61b51e931c3bff1b9c70756ecada1dd5b19d 0.2s done
#44 exporting manifest list sha256:48b3fc68a44b4964a952dcf442d958e921dc72f220a5125bdb825152b83ddfb2 0.3s done
#44 naming to docker.io/library/landbiznes-ownership-service:latest 0.1s done
#44 unpacking to docker.io/library/landbiznes-ownership-service:latest 4.3s done
#44 DONE 9.4s

#33 [api-gateway 4/5] RUN npm install --only=production
#33 ...

#45 [parcel-service] resolving provenance for metadata file
#45 DONE 0.6s

#46 [conflict-service] resolving provenance for metadata file
#46 DONE 0.3s

#47 [ownership-service] resolving provenance for metadata file
#47 DONE 0.1s

#48 [grid-service] resolving provenance for metadata file
#48 DONE 0.6s

#33 [api-gateway 4/5] RUN npm install --only=production
#33 61.33 npm error code ETARGET
#33 61.33 npm error notarget No matching version found for express-http-proxy@^1.6.14.
#33 61.33 npm error notarget In most cases you or one of your dependencies are requesting
#33 61.33 npm error notarget a package version that doesn't exist.
#33 61.34 npm notice
#33 61.34 npm notice New major version of npm available! 10.8.2 -> 11.8.0
#33 61.34 npm notice Changelog: https://github.com/npm/cli/releases/tag/v11.8.0
#33 61.34 npm notice To update run: npm install -g npm@11.8.0
#33 61.34 npm notice
#33 61.34 npm error A complete log of this run can be found in: /root/.npm/_logs/2026-01-22T18_07_26_391Z-debug-0.log
#33 ERROR: process "/bin/sh -c npm install --only=production" did not complete successfully: exit code: 1

#30 [frontend build 4/6] RUN npm install
#30 CANCELED
------
 > [api-gateway 4/5] RUN npm install --only=production:
61.33 npm error code ETARGET
61.33 npm error notarget No matching version found for express-http-proxy@^1.6.14.
61.33 npm error notarget In most cases you or one of your dependencies are requesting
61.33 npm error notarget a package version that doesn't exist.
61.34 npm notice
61.34 npm notice New major version of npm available! 10.8.2 -> 11.8.0
61.34 npm notice Changelog: https://github.com/npm/cli/releases/tag/v11.8.0
61.34 npm notice To update run: npm install -g npm@11.8.0
61.34 npm notice
61.34 npm error A complete log of this run can be found in: /root/.npm/_logs/2026-01-22T18_07_26_391Z-debug-0.log
------
Dockerfile:6

--------------------

   4 |     

   5 |     COPY package*.json ./

   6 | >>> RUN npm install --only=production

   7 |     

   8 |     COPY src ./src

--------------------

target api-gateway: failed to solve: process 
"/bin/sh -c npm install --only=production" did not 
complete successfully: exit code: 1

